Archive member included to satisfy reference by file (symbol)

c:/program files (x86)/atmel/studio/7.0/toolchain/avr8/avr8-gnu-toolchain/bin/../lib/gcc/avr/5.4.0/avrxmega7\libgcc.a(_divmodhi4.o)
                              Events.o (__divmodhi4)
c:/program files (x86)/atmel/studio/7.0/toolchain/avr8/avr8-gnu-toolchain/bin/../lib/gcc/avr/5.4.0/avrxmega7\libgcc.a(_exit.o)
                              C:/Program Files (x86)/Atmel/Studio/7.0/Packs/atmel/XMEGAA_DFP/1.2.141/gcc/dev/atxmega128a4u/avrxmega7/crtatxmega128a4u.o (exit)
c:/program files (x86)/atmel/studio/7.0/toolchain/avr8/avr8-gnu-toolchain/bin/../lib/gcc/avr/5.4.0/avrxmega7\libgcc.a(_tablejump2.o)
                              Events.o (__tablejump2__)
c:/program files (x86)/atmel/studio/7.0/toolchain/avr8/avr8-gnu-toolchain/bin/../lib/gcc/avr/5.4.0/avrxmega7\libgcc.a(_copy_data.o)
                              airlabbrm-willem.o (__do_copy_data)
c:/program files (x86)/atmel/studio/7.0/toolchain/avr8/avr8-gnu-toolchain/bin/../lib/gcc/avr/5.4.0/avrxmega7\libgcc.a(_clear_bss.o)
                              airlabbrm-willem.o (__do_clear_bss)
c:/program files (x86)/atmel/studio/7.0/toolchain/avr8/avr8-gnu-toolchain/bin/../lib/gcc/avr/5.4.0/avrxmega7\libgcc.a(_udivmodhi4.o)
                              c:/program files (x86)/atmel/studio/7.0/toolchain/avr8/avr8-gnu-toolchain/bin/../lib/gcc/avr/5.4.0/avrxmega7\libgcc.a(_divmodhi4.o) (__udivmodhi4)

Allocating common symbols
Common symbol       size              file

EventBufferPtrBottom
                    0x1               airlabbrm-willem.o
EEread              0x1f4             airlabbrm-willem.o
cntCueFunction      0x10              airlabbrm-willem.o
OperatingMode       0x1               airlabbrm-willem.o
SerialBufferInPtrBottom
                    0x1               airlabbrm-willem.o
I2CBufferOutPtrBottom
                    0x1               airlabbrm-willem.o
SerialBufferIn      0x100             airlabbrm-willem.o
TextString          0x44              airlabbrm-willem.o
SendSerialReady     0x1               airlabbrm-willem.o
I2CError            0x1               airlabbrm-willem.o
I2CBufferOutPtrTop  0x1               airlabbrm-willem.o
I2CStatus           0x1               I2C.o
I2CBufferIn         0x100             I2C.o
CardInserted        0x1               airlabbrm-willem.o
SerialLength        0x1               airlabbrm-willem.o
SendSerialData      0x1               airlabbrm-willem.o
I2CRepeat           0x1               I2C.o
twi_no_of_bytes     0x1               I2C.o
ModuleType          0x10              airlabbrm-willem.o
USART_ReceiveBuffer
                    0x80              RS232.o
I2CBufferInPtrTop   0x1               airlabbrm-willem.o
W_transfer_Interrupt_complete
                    0x1               I2C.o
I2CFromAddress      0x1               I2C.o
TextStringPtr       0x1               airlabbrm-willem.o
I2CLength           0x1               I2C.o
SerialBufferOutPtrTop
                    0x1               airlabbrm-willem.o
twi_data_buffer3    0x1f4             I2C.o
ConsoleFunctionData
                    0x11              airlabbrm-willem.o
SerialByte          0x1               airlabbrm-willem.o
cntStartFunction    0x10              airlabbrm-willem.o
NrOfTriples         0x1               airlabbrm-willem.o
NrOfTelcos          0x1               airlabbrm-willem.o
DummySerialBuffer   0x100             airlabbrm-willem.o
SerialCnt           0x1               airlabbrm-willem.o
I2CByteNr           0x1               I2C.o
SerialBufferOut     0x100             airlabbrm-willem.o
TimeAndDate         0x4               ConsoleTimer.o
Count               0x1               ConsoleTimer.o
MasterTextString    0x44              airlabbrm-willem.o
Wait                0x1               airlabbrm-willem.o
EventBuffer         0x200             airlabbrm-willem.o
TempEnableSetup     0x1               airlabbrm-willem.o
ModuleData          0x80              airlabbrm-willem.o
EventBufferPtrTop   0x1               airlabbrm-willem.o
Bits                0x1               ReadModules.o
I2CMasterReciever   0x1               airlabbrm-willem.o
GlobalTimerActive   0x1               ConsoleTimer.o
I2CSendReady        0x1               airlabbrm-willem.o
ConsoleMasterSettings
                    0x5               airlabbrm-willem.o
twi_data_buffer2    0x32              I2C.o
SerialBufferOutPtrBottom
                    0x1               airlabbrm-willem.o
StartActive         0x10              airlabbrm-willem.o
ModuleTextString    0x1ed             airlabbrm-willem.o
cntMuteFunction     0x10              airlabbrm-willem.o
I2CBuffer           0x100             I2C.o
SystemTextString    0x66              airlabbrm-willem.o
I2CRepeatAddress    0x1               I2C.o
CurrentAddress      0x1               I2C.o
CUEByRemoteMIC      0x10              airlabbrm-willem.o
I2CDataLength       0x1               I2C.o
DirectorTBCUEBussActive
                    0x1               airlabbrm-willem.o
I2CItem             0x1               I2C.o
I2CBufferInPtrBottom
                    0x1               airlabbrm-willem.o
I2CAddressBufferOut
                    0x100             I2C.o
wr                  0x1f4             airlabbrm-willem.o
I2CModule           0x1               I2C.o
I2CDataBufferOut    0x100             I2C.o
TimerActive         0x10              airlabbrm-willem.o
OldTimeAndDate      0x4               ConsoleTimer.o
UndoConsoleMasterSettings
                    0x5               airlabbrm-willem.o
UndoConsoleModuleSettings
                    0x1d0             airlabbrm-willem.o
twi_data_buffer     0x32              I2C.o
ConsoleModuleSettings
                    0x1d0             airlabbrm-willem.o
cntStartPuls        0x10              airlabbrm-willem.o
wacht               0x2               I2C.o
R_transfer_Interrupt_complete
                    0x1               I2C.o
MasterData          0x8               airlabbrm-willem.o
cntModule           0x1               airlabbrm-willem.o
ShowFunctionData    0x11              airlabbrm-willem.o
SerialBufferInPtrTop
                    0x1               airlabbrm-willem.o

Discarded input sections

 .data          0x00000000        0x0 C:/Program Files (x86)/Atmel/Studio/7.0/Packs/atmel/XMEGAA_DFP/1.2.141/gcc/dev/atxmega128a4u/avrxmega7/crtatxmega128a4u.o
 .bss           0x00000000        0x0 C:/Program Files (x86)/Atmel/Studio/7.0/Packs/atmel/XMEGAA_DFP/1.2.141/gcc/dev/atxmega128a4u/avrxmega7/crtatxmega128a4u.o
 .text          0x00000000        0x0 airlabbrm-willem.o
 .data          0x00000000        0x0 airlabbrm-willem.o
 .bss           0x00000000        0x0 airlabbrm-willem.o
 .text          0x00000000        0x0 ConsoleTimer.o
 .data          0x00000000        0x0 ConsoleTimer.o
 .bss           0x00000000        0x0 ConsoleTimer.o
 .text          0x00000000        0x0 Delay.o
 .data          0x00000000        0x0 Delay.o
 .bss           0x00000000        0x0 Delay.o
 .text          0x00000000        0x0 Events.o
 .data          0x00000000        0x0 Events.o
 .bss           0x00000000        0x0 Events.o
 .text          0x00000000        0x0 I2C.o
 .data          0x00000000        0x0 I2C.o
 .bss           0x00000000        0x0 I2C.o
 .data.vlag     0x00000000        0x1 I2C.o
 .text          0x00000000        0x0 lcd.o
 .data          0x00000000        0x0 lcd.o
 .bss           0x00000000        0x0 lcd.o
 .text          0x00000000        0x0 ReadModules.o
 .data          0x00000000        0x0 ReadModules.o
 .bss           0x00000000        0x0 ReadModules.o
 .text          0x00000000        0x0 RS232.o
 .data          0x00000000        0x0 RS232.o
 .bss           0x00000000        0x0 RS232.o
 .bss.WritingPositionOnTheBuffer
                0x00000000        0x1 RS232.o
 COMMON         0x00000000       0x80 RS232.o
 .text          0x00000000        0x0 c:/program files (x86)/atmel/studio/7.0/toolchain/avr8/avr8-gnu-toolchain/bin/../lib/gcc/avr/5.4.0/avrxmega7\libgcc.a(_divmodhi4.o)
 .data          0x00000000        0x0 c:/program files (x86)/atmel/studio/7.0/toolchain/avr8/avr8-gnu-toolchain/bin/../lib/gcc/avr/5.4.0/avrxmega7\libgcc.a(_divmodhi4.o)
 .bss           0x00000000        0x0 c:/program files (x86)/atmel/studio/7.0/toolchain/avr8/avr8-gnu-toolchain/bin/../lib/gcc/avr/5.4.0/avrxmega7\libgcc.a(_divmodhi4.o)
 .text.libgcc.mul
                0x00000000        0x0 c:/program files (x86)/atmel/studio/7.0/toolchain/avr8/avr8-gnu-toolchain/bin/../lib/gcc/avr/5.4.0/avrxmega7\libgcc.a(_divmodhi4.o)
 .text.libgcc   0x00000000        0x0 c:/program files (x86)/atmel/studio/7.0/toolchain/avr8/avr8-gnu-toolchain/bin/../lib/gcc/avr/5.4.0/avrxmega7\libgcc.a(_divmodhi4.o)
 .text.libgcc.prologue
                0x00000000        0x0 c:/program files (x86)/atmel/studio/7.0/toolchain/avr8/avr8-gnu-toolchain/bin/../lib/gcc/avr/5.4.0/avrxmega7\libgcc.a(_divmodhi4.o)
 .text.libgcc.builtins
                0x00000000        0x0 c:/program files (x86)/atmel/studio/7.0/toolchain/avr8/avr8-gnu-toolchain/bin/../lib/gcc/avr/5.4.0/avrxmega7\libgcc.a(_divmodhi4.o)
 .text.libgcc.fmul
                0x00000000        0x0 c:/program files (x86)/atmel/studio/7.0/toolchain/avr8/avr8-gnu-toolchain/bin/../lib/gcc/avr/5.4.0/avrxmega7\libgcc.a(_divmodhi4.o)
 .text.libgcc.fixed
                0x00000000        0x0 c:/program files (x86)/atmel/studio/7.0/toolchain/avr8/avr8-gnu-toolchain/bin/../lib/gcc/avr/5.4.0/avrxmega7\libgcc.a(_divmodhi4.o)
 .text          0x00000000        0x0 c:/program files (x86)/atmel/studio/7.0/toolchain/avr8/avr8-gnu-toolchain/bin/../lib/gcc/avr/5.4.0/avrxmega7\libgcc.a(_exit.o)
 .data          0x00000000        0x0 c:/program files (x86)/atmel/studio/7.0/toolchain/avr8/avr8-gnu-toolchain/bin/../lib/gcc/avr/5.4.0/avrxmega7\libgcc.a(_exit.o)
 .bss           0x00000000        0x0 c:/program files (x86)/atmel/studio/7.0/toolchain/avr8/avr8-gnu-toolchain/bin/../lib/gcc/avr/5.4.0/avrxmega7\libgcc.a(_exit.o)
 .text.libgcc.mul
                0x00000000        0x0 c:/program files (x86)/atmel/studio/7.0/toolchain/avr8/avr8-gnu-toolchain/bin/../lib/gcc/avr/5.4.0/avrxmega7\libgcc.a(_exit.o)
 .text.libgcc.div
                0x00000000        0x0 c:/program files (x86)/atmel/studio/7.0/toolchain/avr8/avr8-gnu-toolchain/bin/../lib/gcc/avr/5.4.0/avrxmega7\libgcc.a(_exit.o)
 .text.libgcc   0x00000000        0x0 c:/program files (x86)/atmel/studio/7.0/toolchain/avr8/avr8-gnu-toolchain/bin/../lib/gcc/avr/5.4.0/avrxmega7\libgcc.a(_exit.o)
 .text.libgcc.prologue
                0x00000000        0x0 c:/program files (x86)/atmel/studio/7.0/toolchain/avr8/avr8-gnu-toolchain/bin/../lib/gcc/avr/5.4.0/avrxmega7\libgcc.a(_exit.o)
 .text.libgcc.builtins
                0x00000000        0x0 c:/program files (x86)/atmel/studio/7.0/toolchain/avr8/avr8-gnu-toolchain/bin/../lib/gcc/avr/5.4.0/avrxmega7\libgcc.a(_exit.o)
 .text.libgcc.fmul
                0x00000000        0x0 c:/program files (x86)/atmel/studio/7.0/toolchain/avr8/avr8-gnu-toolchain/bin/../lib/gcc/avr/5.4.0/avrxmega7\libgcc.a(_exit.o)
 .text.libgcc.fixed
                0x00000000        0x0 c:/program files (x86)/atmel/studio/7.0/toolchain/avr8/avr8-gnu-toolchain/bin/../lib/gcc/avr/5.4.0/avrxmega7\libgcc.a(_exit.o)
 .text          0x00000000        0x0 c:/program files (x86)/atmel/studio/7.0/toolchain/avr8/avr8-gnu-toolchain/bin/../lib/gcc/avr/5.4.0/avrxmega7\libgcc.a(_tablejump2.o)
 .data          0x00000000        0x0 c:/program files (x86)/atmel/studio/7.0/toolchain/avr8/avr8-gnu-toolchain/bin/../lib/gcc/avr/5.4.0/avrxmega7\libgcc.a(_tablejump2.o)
 .bss           0x00000000        0x0 c:/program files (x86)/atmel/studio/7.0/toolchain/avr8/avr8-gnu-toolchain/bin/../lib/gcc/avr/5.4.0/avrxmega7\libgcc.a(_tablejump2.o)
 .text.libgcc.mul
                0x00000000        0x0 c:/program files (x86)/atmel/studio/7.0/toolchain/avr8/avr8-gnu-toolchain/bin/../lib/gcc/avr/5.4.0/avrxmega7\libgcc.a(_tablejump2.o)
 .text.libgcc.div
                0x00000000        0x0 c:/program files (x86)/atmel/studio/7.0/toolchain/avr8/avr8-gnu-toolchain/bin/../lib/gcc/avr/5.4.0/avrxmega7\libgcc.a(_tablejump2.o)
 .text.libgcc.prologue
                0x00000000        0x0 c:/program files (x86)/atmel/studio/7.0/toolchain/avr8/avr8-gnu-toolchain/bin/../lib/gcc/avr/5.4.0/avrxmega7\libgcc.a(_tablejump2.o)
 .text.libgcc.builtins
                0x00000000        0x0 c:/program files (x86)/atmel/studio/7.0/toolchain/avr8/avr8-gnu-toolchain/bin/../lib/gcc/avr/5.4.0/avrxmega7\libgcc.a(_tablejump2.o)
 .text.libgcc.fmul
                0x00000000        0x0 c:/program files (x86)/atmel/studio/7.0/toolchain/avr8/avr8-gnu-toolchain/bin/../lib/gcc/avr/5.4.0/avrxmega7\libgcc.a(_tablejump2.o)
 .text.libgcc.fixed
                0x00000000        0x0 c:/program files (x86)/atmel/studio/7.0/toolchain/avr8/avr8-gnu-toolchain/bin/../lib/gcc/avr/5.4.0/avrxmega7\libgcc.a(_tablejump2.o)
 .text          0x00000000        0x0 c:/program files (x86)/atmel/studio/7.0/toolchain/avr8/avr8-gnu-toolchain/bin/../lib/gcc/avr/5.4.0/avrxmega7\libgcc.a(_copy_data.o)
 .data          0x00000000        0x0 c:/program files (x86)/atmel/studio/7.0/toolchain/avr8/avr8-gnu-toolchain/bin/../lib/gcc/avr/5.4.0/avrxmega7\libgcc.a(_copy_data.o)
 .bss           0x00000000        0x0 c:/program files (x86)/atmel/studio/7.0/toolchain/avr8/avr8-gnu-toolchain/bin/../lib/gcc/avr/5.4.0/avrxmega7\libgcc.a(_copy_data.o)
 .text.libgcc.mul
                0x00000000        0x0 c:/program files (x86)/atmel/studio/7.0/toolchain/avr8/avr8-gnu-toolchain/bin/../lib/gcc/avr/5.4.0/avrxmega7\libgcc.a(_copy_data.o)
 .text.libgcc.div
                0x00000000        0x0 c:/program files (x86)/atmel/studio/7.0/toolchain/avr8/avr8-gnu-toolchain/bin/../lib/gcc/avr/5.4.0/avrxmega7\libgcc.a(_copy_data.o)
 .text.libgcc   0x00000000        0x0 c:/program files (x86)/atmel/studio/7.0/toolchain/avr8/avr8-gnu-toolchain/bin/../lib/gcc/avr/5.4.0/avrxmega7\libgcc.a(_copy_data.o)
 .text.libgcc.prologue
                0x00000000        0x0 c:/program files (x86)/atmel/studio/7.0/toolchain/avr8/avr8-gnu-toolchain/bin/../lib/gcc/avr/5.4.0/avrxmega7\libgcc.a(_copy_data.o)
 .text.libgcc.builtins
                0x00000000        0x0 c:/program files (x86)/atmel/studio/7.0/toolchain/avr8/avr8-gnu-toolchain/bin/../lib/gcc/avr/5.4.0/avrxmega7\libgcc.a(_copy_data.o)
 .text.libgcc.fmul
                0x00000000        0x0 c:/program files (x86)/atmel/studio/7.0/toolchain/avr8/avr8-gnu-toolchain/bin/../lib/gcc/avr/5.4.0/avrxmega7\libgcc.a(_copy_data.o)
 .text.libgcc.fixed
                0x00000000        0x0 c:/program files (x86)/atmel/studio/7.0/toolchain/avr8/avr8-gnu-toolchain/bin/../lib/gcc/avr/5.4.0/avrxmega7\libgcc.a(_copy_data.o)
 .text          0x00000000        0x0 c:/program files (x86)/atmel/studio/7.0/toolchain/avr8/avr8-gnu-toolchain/bin/../lib/gcc/avr/5.4.0/avrxmega7\libgcc.a(_clear_bss.o)
 .data          0x00000000        0x0 c:/program files (x86)/atmel/studio/7.0/toolchain/avr8/avr8-gnu-toolchain/bin/../lib/gcc/avr/5.4.0/avrxmega7\libgcc.a(_clear_bss.o)
 .bss           0x00000000        0x0 c:/program files (x86)/atmel/studio/7.0/toolchain/avr8/avr8-gnu-toolchain/bin/../lib/gcc/avr/5.4.0/avrxmega7\libgcc.a(_clear_bss.o)
 .text.libgcc.mul
                0x00000000        0x0 c:/program files (x86)/atmel/studio/7.0/toolchain/avr8/avr8-gnu-toolchain/bin/../lib/gcc/avr/5.4.0/avrxmega7\libgcc.a(_clear_bss.o)
 .text.libgcc.div
                0x00000000        0x0 c:/program files (x86)/atmel/studio/7.0/toolchain/avr8/avr8-gnu-toolchain/bin/../lib/gcc/avr/5.4.0/avrxmega7\libgcc.a(_clear_bss.o)
 .text.libgcc   0x00000000        0x0 c:/program files (x86)/atmel/studio/7.0/toolchain/avr8/avr8-gnu-toolchain/bin/../lib/gcc/avr/5.4.0/avrxmega7\libgcc.a(_clear_bss.o)
 .text.libgcc.prologue
                0x00000000        0x0 c:/program files (x86)/atmel/studio/7.0/toolchain/avr8/avr8-gnu-toolchain/bin/../lib/gcc/avr/5.4.0/avrxmega7\libgcc.a(_clear_bss.o)
 .text.libgcc.builtins
                0x00000000        0x0 c:/program files (x86)/atmel/studio/7.0/toolchain/avr8/avr8-gnu-toolchain/bin/../lib/gcc/avr/5.4.0/avrxmega7\libgcc.a(_clear_bss.o)
 .text.libgcc.fmul
                0x00000000        0x0 c:/program files (x86)/atmel/studio/7.0/toolchain/avr8/avr8-gnu-toolchain/bin/../lib/gcc/avr/5.4.0/avrxmega7\libgcc.a(_clear_bss.o)
 .text.libgcc.fixed
                0x00000000        0x0 c:/program files (x86)/atmel/studio/7.0/toolchain/avr8/avr8-gnu-toolchain/bin/../lib/gcc/avr/5.4.0/avrxmega7\libgcc.a(_clear_bss.o)
 .text          0x00000000        0x0 c:/program files (x86)/atmel/studio/7.0/toolchain/avr8/avr8-gnu-toolchain/bin/../lib/gcc/avr/5.4.0/avrxmega7\libgcc.a(_udivmodhi4.o)
 .data          0x00000000        0x0 c:/program files (x86)/atmel/studio/7.0/toolchain/avr8/avr8-gnu-toolchain/bin/../lib/gcc/avr/5.4.0/avrxmega7\libgcc.a(_udivmodhi4.o)
 .bss           0x00000000        0x0 c:/program files (x86)/atmel/studio/7.0/toolchain/avr8/avr8-gnu-toolchain/bin/../lib/gcc/avr/5.4.0/avrxmega7\libgcc.a(_udivmodhi4.o)
 .text.libgcc.mul
                0x00000000        0x0 c:/program files (x86)/atmel/studio/7.0/toolchain/avr8/avr8-gnu-toolchain/bin/../lib/gcc/avr/5.4.0/avrxmega7\libgcc.a(_udivmodhi4.o)
 .text.libgcc   0x00000000        0x0 c:/program files (x86)/atmel/studio/7.0/toolchain/avr8/avr8-gnu-toolchain/bin/../lib/gcc/avr/5.4.0/avrxmega7\libgcc.a(_udivmodhi4.o)
 .text.libgcc.prologue
                0x00000000        0x0 c:/program files (x86)/atmel/studio/7.0/toolchain/avr8/avr8-gnu-toolchain/bin/../lib/gcc/avr/5.4.0/avrxmega7\libgcc.a(_udivmodhi4.o)
 .text.libgcc.builtins
                0x00000000        0x0 c:/program files (x86)/atmel/studio/7.0/toolchain/avr8/avr8-gnu-toolchain/bin/../lib/gcc/avr/5.4.0/avrxmega7\libgcc.a(_udivmodhi4.o)
 .text.libgcc.fmul
                0x00000000        0x0 c:/program files (x86)/atmel/studio/7.0/toolchain/avr8/avr8-gnu-toolchain/bin/../lib/gcc/avr/5.4.0/avrxmega7\libgcc.a(_udivmodhi4.o)
 .text.libgcc.fixed
                0x00000000        0x0 c:/program files (x86)/atmel/studio/7.0/toolchain/avr8/avr8-gnu-toolchain/bin/../lib/gcc/avr/5.4.0/avrxmega7\libgcc.a(_udivmodhi4.o)

Memory Configuration

Name             Origin             Length             Attributes
text             0x00000000         0x00022000         xr
data             0x00802000         0x00002000         rw !x
eeprom           0x00810000         0x00000800         rw !x
fuse             0x00820000         0x00000006         rw !x
lock             0x00830000         0x00000400         rw !x
signature        0x00840000         0x00000400         rw !x
user_signatures  0x00850000         0x00000400         rw !x
*default*        0x00000000         0xffffffff

Linker script and memory map

LOAD C:/Program Files (x86)/Atmel/Studio/7.0/Packs/atmel/XMEGAA_DFP/1.2.141/gcc/dev/atxmega128a4u/avrxmega7/crtatxmega128a4u.o
LOAD airlabbrm-willem.o
LOAD ConsoleTimer.o
LOAD Delay.o
LOAD Events.o
LOAD I2C.o
LOAD lcd.o
LOAD ReadModules.o
LOAD RS232.o
START GROUP
LOAD c:/program files (x86)/atmel/studio/7.0/toolchain/avr8/avr8-gnu-toolchain/bin/../lib/gcc/avr/5.4.0/../../../../avr/lib/avrxmega7\libm.a
END GROUP
START GROUP
LOAD c:/program files (x86)/atmel/studio/7.0/toolchain/avr8/avr8-gnu-toolchain/bin/../lib/gcc/avr/5.4.0/avrxmega7\libgcc.a
LOAD c:/program files (x86)/atmel/studio/7.0/toolchain/avr8/avr8-gnu-toolchain/bin/../lib/gcc/avr/5.4.0/../../../../avr/lib/avrxmega7\libm.a
LOAD c:/program files (x86)/atmel/studio/7.0/toolchain/avr8/avr8-gnu-toolchain/bin/../lib/gcc/avr/5.4.0/../../../../avr/lib/avrxmega7\libc.a
LOAD C:/Program Files (x86)/Atmel/Studio/7.0/Packs/atmel/XMEGAA_DFP/1.2.141/gcc/dev/atxmega128a4u/avrxmega7\libatxmega128a4u.a
END GROUP
                [0x00000000]                __TEXT_REGION_ORIGIN__ = DEFINED (__TEXT_REGION_ORIGIN__)?__TEXT_REGION_ORIGIN__:0x0
                [0x00802000]                __DATA_REGION_ORIGIN__ = DEFINED (__DATA_REGION_ORIGIN__)?__DATA_REGION_ORIGIN__:0x802000
                [0x00022000]                __TEXT_REGION_LENGTH__ = DEFINED (__TEXT_REGION_LENGTH__)?__TEXT_REGION_LENGTH__:0x100000
                [0x00002000]                __DATA_REGION_LENGTH__ = DEFINED (__DATA_REGION_LENGTH__)?__DATA_REGION_LENGTH__:0xffa0
                [0x00000800]                __EEPROM_REGION_LENGTH__ = DEFINED (__EEPROM_REGION_LENGTH__)?__EEPROM_REGION_LENGTH__:0x10000
                [0x00000006]                __FUSE_REGION_LENGTH__ = DEFINED (__FUSE_REGION_LENGTH__)?__FUSE_REGION_LENGTH__:0x400
                0x00000400                __LOCK_REGION_LENGTH__ = DEFINED (__LOCK_REGION_LENGTH__)?__LOCK_REGION_LENGTH__:0x400
                0x00000400                __SIGNATURE_REGION_LENGTH__ = DEFINED (__SIGNATURE_REGION_LENGTH__)?__SIGNATURE_REGION_LENGTH__:0x400
                0x00000400                __USER_SIGNATURE_REGION_LENGTH__ = DEFINED (__USER_SIGNATURE_REGION_LENGTH__)?__USER_SIGNATURE_REGION_LENGTH__:0x400

.hash
 *(.hash)

.dynsym
 *(.dynsym)

.dynstr
 *(.dynstr)

.gnu.version
 *(.gnu.version)

.gnu.version_d
 *(.gnu.version_d)

.gnu.version_r
 *(.gnu.version_r)

.rel.init
 *(.rel.init)

.rela.init
 *(.rela.init)

.rel.text
 *(.rel.text)
 *(.rel.text.*)
 *(.rel.gnu.linkonce.t*)

.rela.text
 *(.rela.text)
 *(.rela.text.*)
 *(.rela.gnu.linkonce.t*)

.rel.fini
 *(.rel.fini)

.rela.fini
 *(.rela.fini)

.rel.rodata
 *(.rel.rodata)
 *(.rel.rodata.*)
 *(.rel.gnu.linkonce.r*)

.rela.rodata
 *(.rela.rodata)
 *(.rela.rodata.*)
 *(.rela.gnu.linkonce.r*)

.rel.data
 *(.rel.data)
 *(.rel.data.*)
 *(.rel.gnu.linkonce.d*)

.rela.data
 *(.rela.data)
 *(.rela.data.*)
 *(.rela.gnu.linkonce.d*)

.rel.ctors
 *(.rel.ctors)

.rela.ctors
 *(.rela.ctors)

.rel.dtors
 *(.rel.dtors)

.rela.dtors
 *(.rela.dtors)

.rel.got
 *(.rel.got)

.rela.got
 *(.rela.got)

.rel.bss
 *(.rel.bss)

.rela.bss
 *(.rela.bss)

.rel.plt
 *(.rel.plt)

.rela.plt
 *(.rela.plt)

.text           0x00000000     0x535c
 *(.vectors)
 .vectors       0x00000000      0x1fc C:/Program Files (x86)/Atmel/Studio/7.0/Packs/atmel/XMEGAA_DFP/1.2.141/gcc/dev/atxmega128a4u/avrxmega7/crtatxmega128a4u.o
                0x00000000                __vector_default
                0x00000000                __vectors
 *(.vectors)
 *(.progmem.gcc*)
 .progmem.gcc_sw_table.DoEvent
                0x000001fc      0x172 Events.o
 .progmem.gcc_sw_table.DoSerial
                0x0000036e       0xe2 RS232.o
                0x00000450                . = ALIGN (0x2)
                0x00000450                __trampolines_start = .
 *(.trampolines)
 .trampolines   0x00000450       0xb0 linker stubs
 *(.trampolines*)
                0x00000500                __trampolines_end = .
 *libprintf_flt.a:*(.progmem.data)
 *libc.a:*(.progmem.data)
 *(.progmem*)
                0x00000500                . = ALIGN (0x2)
 *(.jumptables)
 *(.jumptables*)
 *(.lowtext)
 *(.lowtext*)
                0x00000500                __ctors_start = .
 *(.ctors)
                0x00000500                __ctors_end = .
                0x00000500                __dtors_start = .
 *(.dtors)
                0x00000500                __dtors_end = .
 SORT(*)(.ctors)
 SORT(*)(.dtors)
 *(.init0)
 .init0         0x00000500        0x0 C:/Program Files (x86)/Atmel/Studio/7.0/Packs/atmel/XMEGAA_DFP/1.2.141/gcc/dev/atxmega128a4u/avrxmega7/crtatxmega128a4u.o
                0x00000500                __init
 *(.init0)
 *(.init1)
 *(.init1)
 *(.init2)
 .init2         0x00000500       0x18 C:/Program Files (x86)/Atmel/Studio/7.0/Packs/atmel/XMEGAA_DFP/1.2.141/gcc/dev/atxmega128a4u/avrxmega7/crtatxmega128a4u.o
 *(.init2)
 *(.init3)
 *(.init3)
 *(.init4)
 .init4         0x00000518       0x1c c:/program files (x86)/atmel/studio/7.0/toolchain/avr8/avr8-gnu-toolchain/bin/../lib/gcc/avr/5.4.0/avrxmega7\libgcc.a(_copy_data.o)
                0x00000518                __do_copy_data
 .init4         0x00000534       0x10 c:/program files (x86)/atmel/studio/7.0/toolchain/avr8/avr8-gnu-toolchain/bin/../lib/gcc/avr/5.4.0/avrxmega7\libgcc.a(_clear_bss.o)
                0x00000534                __do_clear_bss
 *(.init4)
 *(.init5)
 *(.init5)
 *(.init6)
 *(.init6)
 *(.init7)
 *(.init7)
 *(.init8)
 *(.init8)
 *(.init9)
 .init9         0x00000544        0x8 C:/Program Files (x86)/Atmel/Studio/7.0/Packs/atmel/XMEGAA_DFP/1.2.141/gcc/dev/atxmega128a4u/avrxmega7/crtatxmega128a4u.o
 *(.init9)
 *(.text)
 .text          0x0000054c        0x4 C:/Program Files (x86)/Atmel/Studio/7.0/Packs/atmel/XMEGAA_DFP/1.2.141/gcc/dev/atxmega128a4u/avrxmega7/crtatxmega128a4u.o
                0x0000054c                __vector_38
                0x0000054c                __vector_104
                0x0000054c                __vector_22
                0x0000054c                __vector_63
                0x0000054c                __vector_28
                0x0000054c                __vector_67
                0x0000054c                __vector_1
                0x0000054c                __vector_119
                0x0000054c                __vector_32
                0x0000054c                __vector_75
                0x0000054c                __vector_71
                0x0000054c                __vector_91
                0x0000054c                __vector_34
                0x0000054c                __vector_62
                0x0000054c                __vector_77
                0x0000054c                __vector_102
                0x0000054c                __vector_24
                0x0000054c                __vector_12
                0x0000054c                __vector_55
                0x0000054c                __vector_69
                0x0000054c                __vector_81
                0x0000054c                __vector_90
                0x0000054c                __bad_interrupt
                0x0000054c                __vector_122
                0x0000054c                __vector_72
                0x0000054c                __vector_114
                0x0000054c                __vector_6
                0x0000054c                __vector_110
                0x0000054c                __vector_31
                0x0000054c                __vector_92
                0x0000054c                __vector_35
                0x0000054c                __vector_78
                0x0000054c                __vector_74
                0x0000054c                __vector_117
                0x0000054c                __vector_39
                0x0000054c                __vector_107
                0x0000054c                __vector_3
                0x0000054c                __vector_105
                0x0000054c                __vector_98
                0x0000054c                __vector_23
                0x0000054c                __vector_68
                0x0000054c                __vector_30
                0x0000054c                __vector_73
                0x0000054c                __vector_45
                0x0000054c                __vector_25
                0x0000054c                __vector_93
                0x0000054c                __vector_61
                0x0000054c                __vector_11
                0x0000054c                __vector_54
                0x0000054c                __vector_99
                0x0000054c                __vector_13
                0x0000054c                __vector_17
                0x0000054c                __vector_19
                0x0000054c                __vector_56
                0x0000054c                __vector_7
                0x0000054c                __vector_125
                0x0000054c                __vector_49
                0x0000054c                __vector_123
                0x0000054c                __vector_41
                0x0000054c                __vector_86
                0x0000054c                __vector_100
                0x0000054c                __vector_101
                0x0000054c                __vector_64
                0x0000054c                __vector_88
                0x0000054c                __vector_109
                0x0000054c                __vector_43
                0x0000054c                __vector_27
                0x0000054c                __vector_5
                0x0000054c                __vector_113
                0x0000054c                __vector_33
                0x0000054c                __vector_76
                0x0000054c                __vector_115
                0x0000054c                __vector_47
                0x0000054c                __vector_52
                0x0000054c                __vector_37
                0x0000054c                __vector_95
                0x0000054c                __vector_103
                0x0000054c                __vector_96
                0x0000054c                __vector_89
                0x0000054c                __vector_108
                0x0000054c                __vector_4
                0x0000054c                __vector_44
                0x0000054c                __vector_82
                0x0000054c                __vector_106
                0x0000054c                __vector_118
                0x0000054c                __vector_51
                0x0000054c                __vector_9
                0x0000054c                __vector_2
                0x0000054c                __vector_21
                0x0000054c                __vector_15
                0x0000054c                __vector_66
                0x0000054c                __vector_36
                0x0000054c                __vector_79
                0x0000054c                __vector_70
                0x0000054c                __vector_83
                0x0000054c                __vector_29
                0x0000054c                __vector_121
                0x0000054c                __vector_40
                0x0000054c                __vector_85
                0x0000054c                __vector_94
                0x0000054c                __vector_126
                0x0000054c                __vector_8
                0x0000054c                __vector_26
                0x0000054c                __vector_48
                0x0000054c                __vector_124
                0x0000054c                __vector_116
                0x0000054c                __vector_112
                0x0000054c                __vector_111
                0x0000054c                __vector_80
                0x0000054c                __vector_84
                0x0000054c                __vector_57
                0x0000054c                __vector_53
                0x0000054c                __vector_10
                0x0000054c                __vector_50
                0x0000054c                __vector_16
                0x0000054c                __vector_59
                0x0000054c                __vector_18
                0x0000054c                __vector_97
                0x0000054c                __vector_20
                0x0000054c                __vector_42
                0x0000054c                __vector_87
                0x0000054c                __vector_65
                0x0000054c                __vector_120
                0x00000550                . = ALIGN (0x2)
 *(.text.*)
 .text.TimerControl
                0x00000550      0x102 airlabbrm-willem.o
                0x00000550                TimerControl
 .text.ShowFunction
                0x00000652       0x46 airlabbrm-willem.o
                0x00000652                ShowFunction
 .text.GetTelcoNrFromModuleNr
                0x00000698        0xe airlabbrm-willem.o
                0x00000698                GetTelcoNrFromModuleNr
 .text.CheckTBMic
                0x000006a6        0xc airlabbrm-willem.o
                0x000006a6                CheckTBMic
 .text.StudioMicControl
                0x000006b2      0x158 airlabbrm-willem.o
                0x000006b2                StudioMicControl
 .text.DJControl
                0x0000080a      0x14e airlabbrm-willem.o
                0x0000080a                DJControl
 .text.OnAirControl
                0x00000958      0x2c8 airlabbrm-willem.o
                0x00000958                OnAirControl
 .text.StartControl
                0x00000c20      0x154 airlabbrm-willem.o
                0x00000c20                StartControl
 .text.CheckStartCondition
                0x00000d74      0x1d0 airlabbrm-willem.o
                0x00000d74                CheckStartCondition
 .text.SetConsoleData
                0x00000f44      0x1b8 airlabbrm-willem.o
                0x00000f44                SetConsoleData
 .text.CheckCUEByRemoteMIC
                0x000010fc       0x70 airlabbrm-willem.o
                0x000010fc                CheckCUEByRemoteMIC
 .text.GetModuleNrFromTelcoNr
                0x0000116c        0xe airlabbrm-willem.o
                0x0000116c                GetModuleNrFromTelcoNr
 .text.CueControl
                0x0000117a       0xc0 airlabbrm-willem.o
                0x0000117a                CueControl
 .text.Init     0x0000123a      0x53a airlabbrm-willem.o
                0x0000123a                Init
 .text.main     0x00001774      0x3fa airlabbrm-willem.o
                0x00001774                main
 .text.SetupTimer0
                0x00001b6e       0x28 ConsoleTimer.o
                0x00001b6e                SetupTimer0
 .text.__vector_14
                0x00001b96       0x8c ConsoleTimer.o
                0x00001b96                __vector_14
 .text.Delay    0x00001c22       0x24 Delay.o
                0x00001c22                Delay
 .text.DoEvent  0x00001c46     0x24d4 Events.o
                0x00001c46                DoEvent
 .text.init_twi
                0x0000411a       0x28 I2C.o
                0x0000411a                init_twi
 .text.SetAddress
                0x00004142        0x2 I2C.o
                0x00004142                SetAddress
 .text.ReadData
                0x00004144      0x130 I2C.o
                0x00004144                ReadData
 .text.WriteToEEprom
                0x00004274       0x92 I2C.o
                0x00004274                WriteToEEprom
 .text.WriteData
                0x00004306       0xc8 I2C.o
                0x00004306                WriteData
 .text.__vector_46
                0x000043ce       0x9c I2C.o
                0x000043ce                __vector_46
 .text.SetupLCD
                0x0000446a      0x2b2 lcd.o
                0x0000446a                SetupLCD
 .text.SetLCD   0x0000471c      0x12e lcd.o
                0x0000471c                SetLCD
 .text.ReadMasterSwitches
                0x0000484a       0xd0 ReadModules.o
                0x0000484a                ReadMasterSwitches
 .text.ReadModuleSwitches
                0x0000491a      0x296 ReadModules.o
                0x0000491a                ReadModuleSwitches
 .text.ReadConsole
                0x00004bb0       0x26 ReadModules.o
                0x00004bb0                ReadConsole
 .text.ShowConfig
                0x00004bd6      0x18c ReadModules.o
                0x00004bd6                ShowConfig
 .text.DoSerial
                0x00004d62      0x43e RS232.o
                0x00004d62                DoSerial
 .text.SetupSIO0
                0x000051a0       0x2e RS232.o
                0x000051a0                SetupSIO0
 .text.__vector_58
                0x000051ce       0xc4 RS232.o
                0x000051ce                __vector_58
 .text.__vector_60
                0x00005292       0x64 RS232.o
                0x00005292                __vector_60
 .text.libgcc.div
                0x000052f6       0x28 c:/program files (x86)/atmel/studio/7.0/toolchain/avr8/avr8-gnu-toolchain/bin/../lib/gcc/avr/5.4.0/avrxmega7\libgcc.a(_divmodhi4.o)
                0x000052f6                _div
                0x000052f6                __divmodhi4
 .text.libgcc   0x0000531e       0x12 c:/program files (x86)/atmel/studio/7.0/toolchain/avr8/avr8-gnu-toolchain/bin/../lib/gcc/avr/5.4.0/avrxmega7\libgcc.a(_tablejump2.o)
                0x0000531e                __tablejump2__
 .text.libgcc.div
                0x00005330       0x28 c:/program files (x86)/atmel/studio/7.0/toolchain/avr8/avr8-gnu-toolchain/bin/../lib/gcc/avr/5.4.0/avrxmega7\libgcc.a(_udivmodhi4.o)
                0x00005330                __udivmodhi4
                0x00005358                . = ALIGN (0x2)
 *(.fini9)
 .fini9         0x00005358        0x0 c:/program files (x86)/atmel/studio/7.0/toolchain/avr8/avr8-gnu-toolchain/bin/../lib/gcc/avr/5.4.0/avrxmega7\libgcc.a(_exit.o)
                0x00005358                _exit
                0x00005358                exit
 *(.fini9)
 *(.fini8)
 *(.fini8)
 *(.fini7)
 *(.fini7)
 *(.fini6)
 *(.fini6)
 *(.fini5)
 *(.fini5)
 *(.fini4)
 *(.fini4)
 *(.fini3)
 *(.fini3)
 *(.fini2)
 *(.fini2)
 *(.fini1)
 *(.fini1)
 *(.fini0)
 .fini0         0x00005358        0x4 c:/program files (x86)/atmel/studio/7.0/toolchain/avr8/avr8-gnu-toolchain/bin/../lib/gcc/avr/5.4.0/avrxmega7\libgcc.a(_exit.o)
 *(.fini0)
                0x0000535c                _etext = .

.data           0x00802000       0xe8 load address 0x0000535c
                0x00802000                PROVIDE (__data_start, .)
 *(.data)
 *(.data*)
 .data.IDString
                0x00802000       0x1e RS232.o
                0x00802000                IDString
 *(.gnu.linkonce.d*)
 *(.rodata)
 *(.rodata*)
 .rodata.str1.1
                0x0080201e       0x59 airlabbrm-willem.o
 .rodata.str1.1
                0x00802077       0x70 Events.o
                                 0x87 (size before relaxing)
 .rodata.str1.1
                0x008020e7        0x2 ReadModules.o
 *(.gnu.linkonce.r*)
                0x008020ea                . = ALIGN (0x2)
 *fill*         0x008020e7        0x1 
                0x008020e8                _edata = .
                0x008020e8                PROVIDE (__data_end, .)

.bss            0x008020e8     0x1724
                0x008020e8                PROVIDE (__bss_start, .)
 *(.bss)
 *(.bss*)
 *(COMMON)
 COMMON         0x008020e8     0x10b2 airlabbrm-willem.o
                0x008020e8                EventBufferPtrBottom
                0x008020e9                EEread
                0x008022dd                cntCueFunction
                0x008022ed                OperatingMode
                0x008022ee                SerialBufferInPtrBottom
                0x008022ef                I2CBufferOutPtrBottom
                0x008022f0                SerialBufferIn
                0x008023f0                TextString
                0x00802434                SendSerialReady
                0x00802435                I2CError
                0x00802436                I2CBufferOutPtrTop
                0x00802437                CardInserted
                0x00802438                SerialLength
                0x00802439                SendSerialData
                0x0080243a                ModuleType
                0x0080244a                I2CBufferInPtrTop
                0x0080244b                TextStringPtr
                0x0080244c                SerialBufferOutPtrTop
                0x0080244d                ConsoleFunctionData
                0x0080245e                SerialByte
                0x0080245f                cntStartFunction
                0x0080246f                NrOfTriples
                0x00802470                NrOfTelcos
                0x00802471                DummySerialBuffer
                0x00802571                SerialCnt
                0x00802572                SerialBufferOut
                0x00802672                MasterTextString
                0x008026b6                Wait
                0x008026b7                EventBuffer
                0x008028b7                TempEnableSetup
                0x008028b8                ModuleData
                0x00802938                EventBufferPtrTop
                0x00802939                I2CMasterReciever
                0x0080293a                I2CSendReady
                0x0080293b                ConsoleMasterSettings
                0x00802940                SerialBufferOutPtrBottom
                0x00802941                StartActive
                0x00802951                ModuleTextString
                0x00802b3e                cntMuteFunction
                0x00802b4e                SystemTextString
                0x00802bb4                CUEByRemoteMIC
                0x00802bc4                DirectorTBCUEBussActive
                0x00802bc5                I2CBufferInPtrBottom
                0x00802bc6                wr
                0x00802dba                TimerActive
                0x00802dca                UndoConsoleMasterSettings
                0x00802dcf                UndoConsoleModuleSettings
                0x00802f9f                ConsoleModuleSettings
                0x0080316f                cntStartPuls
                0x0080317f                MasterData
                0x00803187                cntModule
                0x00803188                ShowFunctionData
                0x00803199                SerialBufferInPtrTop
 COMMON         0x0080319a        0xa ConsoleTimer.o
                0x0080319a                TimeAndDate
                0x0080319e                Count
                0x0080319f                GlobalTimerActive
                0x008031a0                OldTimeAndDate
 COMMON         0x008031a4      0x667 I2C.o
                0x008031a4                I2CStatus
                0x008031a5                I2CBufferIn
                0x008032a5                I2CRepeat
                0x008032a6                twi_no_of_bytes
                0x008032a7                W_transfer_Interrupt_complete
                0x008032a8                I2CFromAddress
                0x008032a9                I2CLength
                0x008032aa                twi_data_buffer3
                0x0080349e                I2CByteNr
                0x0080349f                twi_data_buffer2
                0x008034d1                I2CBuffer
                0x008035d1                I2CRepeatAddress
                0x008035d2                CurrentAddress
                0x008035d3                I2CDataLength
                0x008035d4                I2CItem
                0x008035d5                I2CAddressBufferOut
                0x008036d5                I2CModule
                0x008036d6                I2CDataBufferOut
                0x008037d6                twi_data_buffer
                0x00803808                wacht
                0x0080380a                R_transfer_Interrupt_complete
 COMMON         0x0080380b        0x1 ReadModules.o
                0x0080380b                Bits
                0x0080380c                PROVIDE (__bss_end, .)
                0x0000535c                __data_load_start = LOADADDR (.data)
                0x00005444                __data_load_end = (__data_load_start + SIZEOF (.data))

.noinit         0x0080380c        0x0
                [!provide]                PROVIDE (__noinit_start, .)
 *(.noinit*)
                [!provide]                PROVIDE (__noinit_end, .)
                0x0080380c                _end = .
                [!provide]                PROVIDE (__heap_start, .)

.eeprom         0x00810000        0x0
 *(.eeprom*)
                0x00810000                __eeprom_end = .

.fuse
 *(.fuse)
 *(.lfuse)
 *(.hfuse)
 *(.efuse)

.lock
 *(.lock*)

.signature
 *(.signature*)

.user_signatures
 *(.user_signatures*)

.stab
 *(.stab)

.stabstr
 *(.stabstr)

.stab.excl
 *(.stab.excl)

.stab.exclstr
 *(.stab.exclstr)

.stab.index
 *(.stab.index)

.stab.indexstr
 *(.stab.indexstr)

.comment        0x00000000       0x30
 *(.comment)
 .comment       0x00000000       0x30 airlabbrm-willem.o
                                 0x31 (size before relaxing)
 .comment       0x00000030       0x31 ConsoleTimer.o
 .comment       0x00000030       0x31 Delay.o
 .comment       0x00000030       0x31 Events.o
 .comment       0x00000030       0x31 I2C.o
 .comment       0x00000030       0x31 lcd.o
 .comment       0x00000030       0x31 ReadModules.o
 .comment       0x00000030       0x31 RS232.o

.note.gnu.avr.deviceinfo
                0x00000000       0x40
 .note.gnu.avr.deviceinfo
                0x00000000       0x40 C:/Program Files (x86)/Atmel/Studio/7.0/Packs/atmel/XMEGAA_DFP/1.2.141/gcc/dev/atxmega128a4u/avrxmega7/crtatxmega128a4u.o

.note.gnu.build-id
 *(.note.gnu.build-id)

.debug
 *(.debug)

.line
 *(.line)

.debug_srcinfo
 *(.debug_srcinfo)

.debug_sfnames
 *(.debug_sfnames)

.debug_aranges  0x00000000      0x1d8
 *(.debug_aranges)
 .debug_aranges
                0x00000000       0x90 airlabbrm-willem.o
 .debug_aranges
                0x00000090       0x28 ConsoleTimer.o
 .debug_aranges
                0x000000b8       0x20 Delay.o
 .debug_aranges
                0x000000d8       0x20 Events.o
 .debug_aranges
                0x000000f8       0x48 I2C.o
 .debug_aranges
                0x00000140       0x28 lcd.o
 .debug_aranges
                0x00000168       0x38 ReadModules.o
 .debug_aranges
                0x000001a0       0x38 RS232.o

.debug_pubnames
 *(.debug_pubnames)

.debug_info     0x00000000     0x7382
 *(.debug_info .gnu.linkonce.wi.*)
 .debug_info    0x00000000     0x284f C:/Program Files (x86)/Atmel/Studio/7.0/Packs/atmel/XMEGAA_DFP/1.2.141/gcc/dev/atxmega128a4u/avrxmega7/crtatxmega128a4u.o
 .debug_info    0x0000284f     0x14f6 airlabbrm-willem.o
 .debug_info    0x00003d45      0x1fd ConsoleTimer.o
 .debug_info    0x00003f42       0x78 Delay.o
 .debug_info    0x00003fba     0x1d05 Events.o
 .debug_info    0x00005cbf      0x580 I2C.o
 .debug_info    0x0000623f      0x6f7 lcd.o
 .debug_info    0x00006936      0x283 ReadModules.o
 .debug_info    0x00006bb9      0x7c9 RS232.o

.debug_abbrev   0x00000000     0x3165
 *(.debug_abbrev)
 .debug_abbrev  0x00000000     0x262c C:/Program Files (x86)/Atmel/Studio/7.0/Packs/atmel/XMEGAA_DFP/1.2.141/gcc/dev/atxmega128a4u/avrxmega7/crtatxmega128a4u.o
 .debug_abbrev  0x0000262c      0x313 airlabbrm-willem.o
 .debug_abbrev  0x0000293f       0xb0 ConsoleTimer.o
 .debug_abbrev  0x000029ef       0x59 Delay.o
 .debug_abbrev  0x00002a48      0x12e Events.o
 .debug_abbrev  0x00002b76      0x1b4 I2C.o
 .debug_abbrev  0x00002d2a      0x12f lcd.o
 .debug_abbrev  0x00002e59      0x125 ReadModules.o
 .debug_abbrev  0x00002f7e      0x1e7 RS232.o

.debug_line     0x00000000     0x45bc
 *(.debug_line .debug_line.* .debug_line_end)
 .debug_line    0x00000000      0x3b5 C:/Program Files (x86)/Atmel/Studio/7.0/Packs/atmel/XMEGAA_DFP/1.2.141/gcc/dev/atxmega128a4u/avrxmega7/crtatxmega128a4u.o
 .debug_line    0x000003b5     0x1326 airlabbrm-willem.o
 .debug_line    0x000016db      0x1bd ConsoleTimer.o
 .debug_line    0x00001898       0x70 Delay.o
 .debug_line    0x00001908     0x1999 Events.o
 .debug_line    0x000032a1      0x3f2 I2C.o
 .debug_line    0x00003693      0x6a5 lcd.o
 .debug_line    0x00003d38      0x3db ReadModules.o
 .debug_line    0x00004113      0x4a9 RS232.o

.debug_frame    0x00000000      0x438
 *(.debug_frame)
 .debug_frame   0x00000000      0x138 airlabbrm-willem.o
 .debug_frame   0x00000138       0x50 ConsoleTimer.o
 .debug_frame   0x00000188       0x24 Delay.o
 .debug_frame   0x000001ac       0x68 Events.o
 .debug_frame   0x00000214       0xb0 I2C.o
 .debug_frame   0x000002c4       0x4c lcd.o
 .debug_frame   0x00000310       0x70 ReadModules.o
 .debug_frame   0x00000380       0xb8 RS232.o

.debug_str      0x00000000     0x2c1d
 *(.debug_str)
 .debug_str     0x00000000     0x1aa8 C:/Program Files (x86)/Atmel/Studio/7.0/Packs/atmel/XMEGAA_DFP/1.2.141/gcc/dev/atxmega128a4u/avrxmega7/crtatxmega128a4u.o
 .debug_str     0x00001aa8      0xa02 airlabbrm-willem.o
                                0xaea (size before relaxing)
 .debug_str     0x000024aa      0x222 ConsoleTimer.o
                                0x420 (size before relaxing)
 .debug_str     0x000026cc       0x12 Delay.o
                                0x12d (size before relaxing)
 .debug_str     0x000026de       0x66 Events.o
                                0x53e (size before relaxing)
 .debug_str     0x00002744      0x19c I2C.o
                                0x3de (size before relaxing)
 .debug_str     0x000028e0       0x31 lcd.o
                                0x21b (size before relaxing)
 .debug_str     0x00002911       0x30 ReadModules.o
                                0x260 (size before relaxing)
 .debug_str     0x00002941      0x2dc RS232.o
                                0x6db (size before relaxing)

.debug_loc      0x00000000     0x2417
 *(.debug_loc)
 .debug_loc     0x00000000      0x7ac airlabbrm-willem.o
 .debug_loc     0x000007ac       0x56 ConsoleTimer.o
 .debug_loc     0x00000802       0x4c Delay.o
 .debug_loc     0x0000084e      0xb8c Events.o
 .debug_loc     0x000013da      0x2e5 I2C.o
 .debug_loc     0x000016bf      0x855 lcd.o
 .debug_loc     0x00001f14      0x15c ReadModules.o
 .debug_loc     0x00002070      0x3a7 RS232.o

.debug_macinfo
 *(.debug_macinfo)

.debug_weaknames
 *(.debug_weaknames)

.debug_funcnames
 *(.debug_funcnames)

.debug_typenames
 *(.debug_typenames)

.debug_varnames
 *(.debug_varnames)

.debug_pubtypes
 *(.debug_pubtypes)

.debug_ranges   0x00000000      0x2a8
 *(.debug_ranges)
 .debug_ranges  0x00000000       0x80 airlabbrm-willem.o
 .debug_ranges  0x00000080       0x18 ConsoleTimer.o
 .debug_ranges  0x00000098       0x10 Delay.o
 .debug_ranges  0x000000a8      0x118 Events.o
 .debug_ranges  0x000001c0       0x50 I2C.o
 .debug_ranges  0x00000210       0x18 lcd.o
 .debug_ranges  0x00000228       0x28 ReadModules.o
 .debug_ranges  0x00000250       0x58 RS232.o

.debug_macro
 *(.debug_macro)
OUTPUT(Airlab1MicrochipStudio.elf elf32-avr)
LOAD linker stubs
